// Vitest Snapshot v1, https://vitest.dev/guide/snapshot.html

exports[`should match snapshot 1`] = `
<DocumentFragment>
  <div
    class="mb-4 card"
  >
    <div
      class="text-center card-body"
    >
      <h4
        class="card-title"
      >
        test job 1
      </h4>
      <h6
        class="card-subtitle"
      >
        Company: test company 1
      </h6>
      <ul
        class="mt-4 list-group list-group-flush"
      >
        <li
          class="list-group-item"
        >
          Salary: 100000
        </li>
        <li
          class="list-group-item"
        >
          Equity: 0.3
        </li>
      </ul>
      <button
        class="mt-4 btn btn-danger"
        type="button"
      >
        Apply
      </button>
    </div>
  </div>
</DocumentFragment>
`;
