// Vitest Snapshot v1, https://vitest.dev/guide/snapshot.html

exports[`should match snapshot 1`] = `
<DocumentFragment>
  <div
    class="container"
  >
    <form
      class="mb-4"
    >
      <div
        class="row mb-3"
      >
        <label
          class="col-lg-1 col-form-label"
          for="username"
        >
          Username:
        </label>
        <div
          class="col-lg-10"
        >
          <input
            class="form-control"
            id="username"
            name="username"
            placeholder="Username"
            required=""
            type="text"
            value=""
          />
        </div>
      </div>
      <div
        class="row mb-3"
      >
        <label
          class="col-lg-1 col-form-label"
          for="password"
        >
          Password:
        </label>
        <div
          class="col-lg-10"
        >
          <input
            class="form-control"
            id="password"
            name="password"
            placeholder="Password"
            required=""
            type="password"
            value=""
          />
        </div>
      </div>
      <div
        class="row mb-3"
      >
        <label
          class="col-lg-1 col-form-label"
          for="firstName"
        >
          First Name:
        </label>
        <div
          class="col-lg-10"
        >
          <input
            class="form-control"
            id="firstName"
            name="firstName"
            placeholder="First Name"
            required=""
            type="text"
            value=""
          />
        </div>
      </div>
      <div
        class="row mb-3"
      >
        <label
          class="col-lg-1 col-form-label"
          for="lastName"
        >
          Last Name:
        </label>
        <div
          class="col-lg-10"
        >
          <input
            class="form-control"
            id="lastName"
            name="lastName"
            placeholder="Last Name"
            required=""
            type="text"
            value=""
          />
        </div>
      </div>
      <div
        class="row mb-3"
      >
        <label
          class="col-lg-1 col-form-label"
          for="email"
        >
          Email:
        </label>
        <div
          class="col-lg-10"
        >
          <input
            class="form-control"
            id="email"
            name="email"
            placeholder="Email"
            required=""
            type="email"
            value=""
          />
        </div>
      </div>
      <button
        class="btn btn-primary"
      >
        Submit
      </button>
    </form>
  </div>
</DocumentFragment>
`;
