// Vitest Snapshot v1, https://vitest.dev/guide/snapshot.html

exports[`should match snapshot 1`] = `
<DocumentFragment>
  <div
    class="mb-4"
  >
    <nav
      class="navbar navbar-expand-md navbar-dark bg-dark"
    >
      <div
        class="container-fluid"
      >
        <a
          class="navbar-brand"
          href="/"
        >
          React-Jobly
        </a>
        <button
          aria-label="Toggle navigation"
          class="navbar-toggler"
          type="button"
        >
          <span
            class="navbar-toggler-icon"
          />
        </button>
        <div
          class="collapse navbar-collapse"
        >
          <ul
            class="ms-auto nav"
          >
            <li
              class="ms-4 nav-item"
            >
              <a
                class="text-decoration-none text-white bg-dark"
                href="/companies"
              >
                Companies
              </a>
            </li>
            <li
              class="ms-4 nav-item"
            >
              <a
                class="text-decoration-none text-white bg-dark"
                href="/jobs"
              >
                Jobs
              </a>
            </li>
            <li
              class="ms-4 nav-item"
            >
              <a
                class="text-decoration-none text-white bg-dark"
                href="/profile"
              >
                Profile
              </a>
            </li>
            <li
              class="mx-4 nav-item"
            >
              <a
                aria-current="page"
                class="text-decoration-none text-white bg-dark active"
                href="/"
              >
                Logout
              </a>
            </li>
          </ul>
        </div>
      </div>
    </nav>
  </div>
</DocumentFragment>
`;
