// Vitest Snapshot v1, https://vitest.dev/guide/snapshot.html

exports[`it matches snapshot 1`] = `
{
  "asFragment": [Function],
  "baseElement": <body>
    <div>
      <div
        class="mb-4"
      >
        <nav
          class="navbar navbar-expand-md navbar-dark bg-dark"
        >
          <div
            class="container-fluid"
          >
            <a
              class="navbar-brand"
              href="/"
            >
              React-Jobly
            </a>
            <button
              aria-label="Toggle navigation"
              class="navbar-toggler"
              type="button"
            >
              <span
                class="navbar-toggler-icon"
              />
            </button>
            <div
              class="collapse navbar-collapse"
            >
              <ul
                class="ms-auto nav"
              >
                <li
                  class="ms-4 nav-item"
                >
                  <a
                    class="text-decoration-none text-white bg-dark"
                    href="/login"
                  >
                    Login
                  </a>
                </li>
                <li
                  class="mx-4 nav-item"
                >
                  <a
                    class="text-decoration-none text-white bg-dark"
                    href="/signup"
                  >
                    Sign Up
                  </a>
                </li>
              </ul>
            </div>
          </div>
        </nav>
      </div>
      <div>
        <div
          class="d-flex flex-column home container-fluid"
        >
          <h1>
            <b>
              Jobly
            </b>
          </h1>
          <h4>
            All the jobs in one, convenient place.
          </h4>
          <div>
            <a
              class="btn btn-primary font-weight-bold me-3"
              href="/login"
            >
              Log in
            </a>
            <a
              class="btn btn-primary font-weight-bold"
              href="/signup"
            >
              Sign up
            </a>
          </div>
        </div>
      </div>
    </div>
  </body>,
  "container": <div>
    <div
      class="mb-4"
    >
      <nav
        class="navbar navbar-expand-md navbar-dark bg-dark"
      >
        <div
          class="container-fluid"
        >
          <a
            class="navbar-brand"
            href="/"
          >
            React-Jobly
          </a>
          <button
            aria-label="Toggle navigation"
            class="navbar-toggler"
            type="button"
          >
            <span
              class="navbar-toggler-icon"
            />
          </button>
          <div
            class="collapse navbar-collapse"
          >
            <ul
              class="ms-auto nav"
            >
              <li
                class="ms-4 nav-item"
              >
                <a
                  class="text-decoration-none text-white bg-dark"
                  href="/login"
                >
                  Login
                </a>
              </li>
              <li
                class="mx-4 nav-item"
              >
                <a
                  class="text-decoration-none text-white bg-dark"
                  href="/signup"
                >
                  Sign Up
                </a>
              </li>
            </ul>
          </div>
        </div>
      </nav>
    </div>
    <div>
      <div
        class="d-flex flex-column home container-fluid"
      >
        <h1>
          <b>
            Jobly
          </b>
        </h1>
        <h4>
          All the jobs in one, convenient place.
        </h4>
        <div>
          <a
            class="btn btn-primary font-weight-bold me-3"
            href="/login"
          >
            Log in
          </a>
          <a
            class="btn btn-primary font-weight-bold"
            href="/signup"
          >
            Sign up
          </a>
        </div>
      </div>
    </div>
  </div>,
  "debug": [Function],
  "findAllByAltText": [Function],
  "findAllByDisplayValue": [Function],
  "findAllByLabelText": [Function],
  "findAllByPlaceholderText": [Function],
  "findAllByRole": [Function],
  "findAllByTestId": [Function],
  "findAllByText": [Function],
  "findAllByTitle": [Function],
  "findByAltText": [Function],
  "findByDisplayValue": [Function],
  "findByLabelText": [Function],
  "findByPlaceholderText": [Function],
  "findByRole": [Function],
  "findByTestId": [Function],
  "findByText": [Function],
  "findByTitle": [Function],
  "getAllByAltText": [Function],
  "getAllByDisplayValue": [Function],
  "getAllByLabelText": [Function],
  "getAllByPlaceholderText": [Function],
  "getAllByRole": [Function],
  "getAllByTestId": [Function],
  "getAllByText": [Function],
  "getAllByTitle": [Function],
  "getByAltText": [Function],
  "getByDisplayValue": [Function],
  "getByLabelText": [Function],
  "getByPlaceholderText": [Function],
  "getByRole": [Function],
  "getByTestId": [Function],
  "getByText": [Function],
  "getByTitle": [Function],
  "queryAllByAltText": [Function],
  "queryAllByDisplayValue": [Function],
  "queryAllByLabelText": [Function],
  "queryAllByPlaceholderText": [Function],
  "queryAllByRole": [Function],
  "queryAllByTestId": [Function],
  "queryAllByText": [Function],
  "queryAllByTitle": [Function],
  "queryByAltText": [Function],
  "queryByDisplayValue": [Function],
  "queryByLabelText": [Function],
  "queryByPlaceholderText": [Function],
  "queryByRole": [Function],
  "queryByTestId": [Function],
  "queryByText": [Function],
  "queryByTitle": [Function],
  "rerender": [Function],
  "unmount": [Function],
}
`;
